<html>
<body>
<pre>
<h1>礦ision Build Log</h1>
<h2>Tool Versions:</h2>
IDE-Version: μVision V5.23.0.0
Copyright (C) 2017 ARM Ltd and ARM Germany GmbH. All rights reserved.
License Information: 12 33, 44, LIC=RC9PC-77ZYQ-Q0CNJ-UTIWC-F78GF-H8RII
 
Tool Versions:
Toolchain:       MDK-ARM Plus  Version: 5.23
Toolchain Path:  C:\keil_5\ARM\ARMCC\Bin
C Compiler:      Armcc.exe V5.06 update 4 (build 422)
Assembler:       Armasm.exe V5.06 update 4 (build 422)
Linker/Locator:  ArmLink.exe V5.06 update 4 (build 422)
Library Manager: ArmAr.exe V5.06 update 4 (build 422)
Hex Converter:   FromElf.exe V5.06 update 4 (build 422)
CPU DLL:         SARMCM3.DLL V5.23
Dialog DLL:      DCM.DLL V1.15.0.0
Target DLL:      Segger\JL2CM3.dll V2.99.23.0
Dialog DLL:      TCM.DLL V1.27.0.0
 
<h2>Project:</h2>
D:\电气项目实战\空气质量检测项目文件\项目-程序设计\第一版程序（内蒙古）\主机程序\MDK-ARM\usart_DMA_RX.uvprojx
Project File Date:  10/29/2019

<h2>Output:</h2>
*** Using Compiler 'V5.06 update 4 (build 422)', folder: 'C:\keil_5\ARM\ARMCC\Bin'
Build target 'usart_DMA_RX'
compiling main.c...
../Src/main.c(192): warning:  #177-D: function "MX_IWDG_Init"  was declared but never referenced
  static void MX_IWDG_Init(void)
../Src/main.c: 1 warning, 0 errors
compiling delay.c...
compiling stm32f1xx_it.c...
../Src/stm32f1xx_it.c(311): warning:  #177-D: variable "st"  was declared but never referenced
  		u8 st;
../Src/stm32f1xx_it.c(314): warning:  #177-D: variable "cnt3"  was declared but never referenced
  		static u16 cnt=0,cnt2=0,cnt3=0;
../Src/stm32f1xx_it.c: 2 warnings, 0 errors
compiling stm_flash.c...
compiling modbus.c...
..\HARDWARE\MODBUS\modbus.c(61): warning:  #223-D: function "crc16" declared implicitly
  	  crc=crc16(modbus.Sendbuf,i);
..\HARDWARE\MODBUS\modbus.c(51): warning:  #177-D: variable "ch"  was declared but never referenced
  	  static u8 i,ch;
..\HARDWARE\MODBUS\modbus.c(82): warning:  #223-D: function "crc16" declared implicitly
  	  crc=crc16(modbus.Sendbuf,i);
..\HARDWARE\MODBUS\modbus.c(70): warning:  #177-D: variable "ch"  was declared but never referenced
  	 u8 i,ch;
..\HARDWARE\MODBUS\modbus.c(161): warning:  #223-D: function "crc16" declared implicitly
  	crc= crc16(&modbus.rcbuf[0], modbus.recount-2);       //计算校验码
..\HARDWARE\MODBUS\modbus.c(173): warning:  #223-D: function "rand" declared implicitly
  		senor_translate(0X0003,(modbus.rcbuf[4]*256+modbus.rcbuf[5])*10+rand()%10);//TVOC浓度
..\HARDWARE\MODBUS\modbus.c(190): warning:  #223-D: function "rand" declared implicitly
  		senor_translate(0X0003+6,(modbus.rcbuf[4]*256+modbus.rcbuf[5])*10+rand()%10);//TVOC浓度
..\HARDWARE\MODBUS\modbus.c(145): warning:  #177-D: variable "TempFun"  was declared but never referenced
  	u8  TempFun;
..\HARDWARE\MODBUS\modbus.c(146): warning:  #177-D: variable "k"  was declared but never referenced
  	u8 k;
..\HARDWARE\MODBUS\modbus.c(147): warning:  #177-D: variable "sum"  was declared but never referenced
  	u16 sum=0;
..\HARDWARE\MODBUS\modbus.c(148): warning:  #177-D: variable "mm"  was declared but never referenced
  	static u16 mm=0;
..\HARDWARE\MODBUS\modbus.c: 11 warnings, 0 errors
compiling sys.c...
compiling ModbusCRC.c...
compiling DGUS.c...
..\HARDWARE\Translate\DGUS.c(84): warning:  #177-D: variable "xx"  was declared but never referenced
  	const u8 xx[4]={20,50,80,100};
..\HARDWARE\Translate\DGUS.c(124): warning:  #177-D: variable "data"  was declared but never referenced
  	u16  data ;
..\HARDWARE\Translate\DGUS.c: 2 warnings, 0 errors
linking...
Program Size: Code=11980 RO-data=804 RW-data=44 ZI-data=5196  
"usart_DMA_RX\usart_DMA_RX.axf" - 0 Error(s), 16 Warning(s).

<h2>Software Packages used:</h2>

Package Vendor: ARM
                http://www.keil.com/pack/ARM.CMSIS.5.0.1.pack
                ARM::CMSIS:CORE:5.0.1
                CMSIS (Cortex Microcontroller Software Interface Standard)
   * Component: CORE Version: 5.0.1

<h2>Collection of Component include folders:</h2>
  .\RTE\_usart_DMA_RX
  C:\keil_5\ARM\PACK\ARM\CMSIS\5.0.1\CMSIS\Include
  C:\keil_5\ARM\PACK\Keil\STM32F1xx_DFP\1.1.0\Device\Include

<h2>Collection of Component Files used:</h2>

   * Component: ARM::CMSIS:CORE:5.0.1
Build Time Elapsed:  00:00:09
</pre>
</body>
</html>
